heartbeat test works